[     236ms] [WARNING] WebSocket connection to 'wss://ws-feed.exchange.coinbase.com/' failed: WebSocket is closed before the connection is established. @ http://localhost:5173/src/lib/ws.ts:59
[     261ms] [ERROR] Failed to load resource: the server responded with a status of 500 (Internal Server Error) @ http://localhost:5173/api/config:0
[     261ms] [ERROR] Failed to load resource: the server responded with a status of 500 (Internal Server Error) @ http://localhost:5173/api/config:0
[     335ms] [ERROR] Access to fetch at 'https://api.coingecko.com/api/v3/simple/price?ids=bitcoin&vs_currencies=usd&include_market_cap=true&include_24hr_vol=true&include_24hr_change=true&include_last_updated_at=true' from origin 'http://localhost:5173' has been blocked by CORS policy: No 'Access-Control-Allow-Origin' header is present on the requested resource. @ http://localhost:5173/:0
[     336ms] [ERROR] Failed to load resource: net::ERR_FAILED @ https://api.coingecko.com/api/v3/simple/price?ids=bitcoin&vs_currencies=usd&include_market_cap=true&include_24hr_vol=true&include_24hr_change=true&include_last_updated_at=true:0
[     358ms] [ERROR] Access to fetch at 'https://api.coingecko.com/api/v3/simple/price?ids=bitcoin&vs_currencies=usd&include_market_cap=true&include_24hr_vol=true&include_24hr_change=true&include_last_updated_at=true' from origin 'http://localhost:5173' has been blocked by CORS policy: No 'Access-Control-Allow-Origin' header is present on the requested resource. @ http://localhost:5173/:0
[     359ms] [ERROR] Failed to load resource: net::ERR_FAILED @ https://api.coingecko.com/api/v3/simple/price?ids=bitcoin&vs_currencies=usd&include_market_cap=true&include_24hr_vol=true&include_24hr_change=true&include_last_updated_at=true:0
[   18352ms] [WARNING] WebSocket connection to 'wss://ws-feed.exchange.coinbase.com/' failed: WebSocket is closed before the connection is established. @ http://localhost:5173/src/lib/ws.ts:59
[   18352ms] [WARNING] WebSocket connection to 'wss://ws-feed.exchange.coinbase.com/' failed: WebSocket is closed before the connection is established. @ http://localhost:5173/src/lib/ws.ts:59
[   18352ms] [WARNING] WebSocket connection to 'wss://ws-feed.exchange.coinbase.com/' failed: WebSocket is closed before the connection is established. @ http://localhost:5173/src/lib/ws.ts:59
[   18353ms] [WARNING] WebSocket connection to 'wss://ws-feed.exchange.coinbase.com/' failed: WebSocket is closed before the connection is established. @ http://localhost:5173/src/lib/ws.ts:59
[   18388ms] [ERROR] Access to fetch at 'https://api.coingecko.com/api/v3/simple/price?ids=bitcoin&vs_currencies=usd&include_market_cap=true&include_24hr_vol=true&include_24hr_change=true&include_last_updated_at=true' from origin 'http://localhost:5173' has been blocked by CORS policy: No 'Access-Control-Allow-Origin' header is present on the requested resource. @ http://localhost:5173/:0
[   18388ms] [ERROR] Failed to load resource: net::ERR_FAILED @ https://api.coingecko.com/api/v3/simple/price?ids=bitcoin&vs_currencies=usd&include_market_cap=true&include_24hr_vol=true&include_24hr_change=true&include_last_updated_at=true:0
[   18397ms] [ERROR] Access to fetch at 'https://api.coingecko.com/api/v3/simple/price?ids=bitcoin&vs_currencies=usd&include_market_cap=true&include_24hr_vol=true&include_24hr_change=true&include_last_updated_at=true' from origin 'http://localhost:5173' has been blocked by CORS policy: No 'Access-Control-Allow-Origin' header is present on the requested resource. @ http://localhost:5173/:0
[   18398ms] [ERROR] Failed to load resource: net::ERR_FAILED @ https://api.coingecko.com/api/v3/simple/price?ids=bitcoin&vs_currencies=usd&include_market_cap=true&include_24hr_vol=true&include_24hr_change=true&include_last_updated_at=true:0
[   18416ms] [ERROR] Access to fetch at 'https://api.coingecko.com/api/v3/simple/price?ids=bitcoin&vs_currencies=usd&include_market_cap=true&include_24hr_vol=true&include_24hr_change=true&include_last_updated_at=true' from origin 'http://localhost:5173' has been blocked by CORS policy: No 'Access-Control-Allow-Origin' header is present on the requested resource. @ http://localhost:5173/:0
[   18416ms] [ERROR] Failed to load resource: net::ERR_FAILED @ https://api.coingecko.com/api/v3/simple/price?ids=bitcoin&vs_currencies=usd&include_market_cap=true&include_24hr_vol=true&include_24hr_change=true&include_last_updated_at=true:0
[   18423ms] [WARNING] WebSocket connection to 'wss://ws-feed.exchange.coinbase.com/' failed: WebSocket is closed before the connection is established. @ http://localhost:5173/src/lib/ws.ts:59
[   18423ms] [WARNING] WebSocket connection to 'wss://ws-feed.exchange.coinbase.com/' failed: WebSocket is closed before the connection is established. @ http://localhost:5173/src/lib/ws.ts:59
[   18424ms] [WARNING] WebSocket connection to 'wss://ws-feed.exchange.coinbase.com/' failed: WebSocket is closed before the connection is established. @ http://localhost:5173/src/lib/ws.ts:59
[   18424ms] [WARNING] WebSocket connection to 'wss://ws-feed.exchange.coinbase.com/' failed: WebSocket is closed before the connection is established. @ http://localhost:5173/src/lib/ws.ts:59
[   18437ms] [ERROR] Access to fetch at 'https://api.coingecko.com/api/v3/simple/price?ids=bitcoin&vs_currencies=usd&include_market_cap=true&include_24hr_vol=true&include_24hr_change=true&include_last_updated_at=true' from origin 'http://localhost:5173' has been blocked by CORS policy: No 'Access-Control-Allow-Origin' header is present on the requested resource. @ http://localhost:5173/:0
[   18437ms] [ERROR] Failed to load resource: net::ERR_FAILED @ https://api.coingecko.com/api/v3/simple/price?ids=bitcoin&vs_currencies=usd&include_market_cap=true&include_24hr_vol=true&include_24hr_change=true&include_last_updated_at=true:0
[   18459ms] [ERROR] Access to fetch at 'https://api.coingecko.com/api/v3/simple/price?ids=bitcoin&vs_currencies=usd&include_market_cap=true&include_24hr_vol=true&include_24hr_change=true&include_last_updated_at=true' from origin 'http://localhost:5173' has been blocked by CORS policy: No 'Access-Control-Allow-Origin' header is present on the requested resource. @ http://localhost:5173/:0
[   18459ms] [ERROR] Failed to load resource: net::ERR_FAILED @ https://api.coingecko.com/api/v3/simple/price?ids=bitcoin&vs_currencies=usd&include_market_cap=true&include_24hr_vol=true&include_24hr_change=true&include_last_updated_at=true:0
[   18462ms] [ERROR] Failed to load resource: the server responded with a status of 500 (Internal Server Error) @ http://localhost:5173/api/data/ohlcv?symbol=SPY&interval=1d&start=2025-02-20&end=2026-02-20&equity_provider=yfinance:0
[   18462ms] [ERROR] Failed to fetch historical candles: Error: OHLCV fetch failed: Internal Server Error
    at fetchOHLCV (http://localhost:5173/src/api/client.ts?t=1771584399304:69:22)
    at async loadHistory (http://localhost:5173/src/hooks/useMarketData.ts?t=1771584399304:114:23) @ http://localhost:5173/src/hooks/useMarketData.ts?t=1771584399304:136
[   18474ms] [ERROR] Failed to load resource: the server responded with a status of 500 (Internal Server Error) @ http://localhost:5173/api/macro/fetch:0
[   18474ms] [ERROR] Failed to load resource: the server responded with a status of 500 (Internal Server Error) @ http://localhost:5173/api/macro/fetch:0
[   18474ms] [ERROR] Failed to load resource: the server responded with a status of 500 (Internal Server Error) @ http://localhost:5173/api/macro/fetch:0
[   18474ms] [ERROR] Failed to load resource: the server responded with a status of 500 (Internal Server Error) @ http://localhost:5173/api/macro/fetch:0
[   18474ms] [ERROR] Failed to load resource: the server responded with a status of 500 (Internal Server Error) @ http://localhost:5173/api/macro/fetch:0
[   18474ms] [ERROR] Failed to load resource: the server responded with a status of 500 (Internal Server Error) @ http://localhost:5173/api/data/ohlcv?symbol=SPY&interval=1d&start=2024-02-20&end=2026-02-20&equity_provider=yfinance:0
[   18490ms] [ERROR] Failed to load resource: the server responded with a status of 500 (Internal Server Error) @ http://localhost:5173/api/macro/fetch:0
[   18490ms] [ERROR] Failed to load resource: the server responded with a status of 500 (Internal Server Error) @ http://localhost:5173/api/macro/fetch:0
[   18490ms] [ERROR] Failed to load resource: the server responded with a status of 500 (Internal Server Error) @ http://localhost:5173/api/macro/fetch:0
[   18491ms] [ERROR] Access to fetch at 'https://api.coingecko.com/api/v3/simple/price?ids=bitcoin&vs_currencies=usd&include_market_cap=true&include_24hr_vol=true&include_24hr_change=true&include_last_updated_at=true' from origin 'http://localhost:5173' has been blocked by CORS policy: No 'Access-Control-Allow-Origin' header is present on the requested resource. @ http://localhost:5173/:0
[   18491ms] [ERROR] Failed to load resource: net::ERR_FAILED @ https://api.coingecko.com/api/v3/simple/price?ids=bitcoin&vs_currencies=usd&include_market_cap=true&include_24hr_vol=true&include_24hr_change=true&include_last_updated_at=true:0
[   18491ms] [ERROR] Failed to load resource: the server responded with a status of 500 (Internal Server Error) @ http://localhost:5173/api/data/ohlcv?symbol=SPY&interval=1d&start=2024-02-20&end=2026-02-20&equity_provider=yfinance:0
[   18503ms] [ERROR] Access to fetch at 'https://api.coingecko.com/api/v3/simple/price?ids=bitcoin&vs_currencies=usd&include_market_cap=true&include_24hr_vol=true&include_24hr_change=true&include_last_updated_at=true' from origin 'http://localhost:5173' has been blocked by CORS policy: No 'Access-Control-Allow-Origin' header is present on the requested resource. @ http://localhost:5173/:0
[   18503ms] [ERROR] Failed to load resource: net::ERR_FAILED @ https://api.coingecko.com/api/v3/simple/price?ids=bitcoin&vs_currencies=usd&include_market_cap=true&include_24hr_vol=true&include_24hr_change=true&include_last_updated_at=true:0
[   18507ms] [ERROR] Failed to load resource: the server responded with a status of 500 (Internal Server Error) @ http://localhost:5173/api/macro/fetch_multiple:0
[   18508ms] [ERROR] Failed to load resource: the server responded with a status of 500 (Internal Server Error) @ http://localhost:5173/api/macro/fetch_multiple:0
[   18528ms] [ERROR] Access to fetch at 'https://api.coingecko.com/api/v3/simple/price?ids=bitcoin&vs_currencies=usd&include_market_cap=true&include_24hr_vol=true&include_24hr_change=true&include_last_updated_at=true' from origin 'http://localhost:5173' has been blocked by CORS policy: No 'Access-Control-Allow-Origin' header is present on the requested resource. @ http://localhost:5173/:0
[   18528ms] [ERROR] Failed to load resource: net::ERR_FAILED @ https://api.coingecko.com/api/v3/simple/price?ids=bitcoin&vs_currencies=usd&include_market_cap=true&include_24hr_vol=true&include_24hr_change=true&include_last_updated_at=true:0
